[    0.000000] SCTLR_EL1: 0x34d4d91d
[    0.000000] TTBR0_EL1: 0x1de0000
[    0.000000] TTBR1_EL1: 0x2447000
[    0.000000] TCR_EL1: 0x72b5503510
[    0.000000] MAIR_EL1: 0x40044ffff
[    0.000000] CurrentEL: 0x1
[    0.000000] Starting kernel initialization...
[    0.000000] Initial value of val: 0
[    0.000000] Value after atomic exchange: 10, old value: 0
[    0.000000] Atomic exchange successful, value updated to: 10
[    0.000000] Final value of val: 10
[    0.000000] SCTLR_EL1: 0x34D4D91D
[    0.000000] TTBR0_EL1: 0x1DE0000
[    0.000000] TTBR1_EL1: 0x2447000
[    0.000000] TCR_EL1: 0x72B5503510
[    0.000000] MAIR_EL1: 0x40044FFFF
[    0.000000] CurrentEL: 0x4
[    0.000000] Booting Linux on physical CPU 0x0000000000 [0x410fd034]
[    0.000000] Linux version 6.6.42-g485d11cfa7df-dirty (diego@archlinux) (aarch64-linux-gnu-gcc (GCC) 14.2.0, GNU ld (GNU Binutils) 2.43) #2 SMP PREEMPT Sun Dec 29 14:49:08 CST 2024
[    0.000000] KASLR enabled
[    0.000000] random: crng init done
[    0.000000] Machine model: Raspberry Pi 3 Model B Rev 1.2
[    0.000000] efi: UEFI not found.
[    0.000000] Reserved memory: created CMA memory pool at 0x000000001ee00000, size 256 MiB
[    0.000000] OF: reserved mem: initialized node linux,cma, compatible id shared-dma-pool
[    0.000000] OF: reserved mem: 0x000000001ee00000..0x000000002edfffff (262144 KiB) map reusable linux,cma
[    0.000000] NUMA: No NUMA configuration found
[    0.000000] NUMA: Faking a node at [mem 0x0000000000000000-0x000000003b3fffff]
[    0.000000] NUMA: NODE_DATA [mem 0x3b1f79c0-0x3b1f9fff]
[    0.000000] Zone ranges:
[    0.000000]   DMA      [mem 0x0000000000000000-0x000000003b3fffff]
[    0.000000]   DMA32    empty
[    0.000000]   Normal   empty
[    0.000000] Movable zone start for each node
[    0.000000] Early memory node ranges
[    0.000000]   node   0: [mem 0x0000000000000000-0x000000003b3fffff]
[    0.000000] Initmem setup node 0 [mem 0x0000000000000000-0x000000003b3fffff]
[    0.000000] On node 0, zone DMA: 19456 pages in unavailable ranges
[    0.000000] percpu: Embedded 22 pages/cpu s50792 r8192 d31128 u90112
[    0.000000] Detected VIPT I-cache on CPU0
[    0.000000] CPU features: kernel page table isolation forced ON by KASLR
[    0.000000] CPU features: detected: Kernel page table isolation (KPTI)
[    0.000000] CPU features: detected: ARM erratum 843419
[    0.000000] CPU features: detected: ARM erratum 845719
[    0.000000] alternatives: applying boot alternatives
[    0.000000] Kernel command line: coherent_pool=1M 8250.nr_uarts=1 snd_bcm2835.enable_headphones=0 snd_bcm2835.enable_headphones=1 snd_bcm2835.enable_hdmi=1 snd_bcm2835.enable_hdmi=0  vc_mem.mem_base=0x3ec00000 vc_mem.mem_size=0x40000000  console=ttyAMA0,115200 console=tty1 root=PARTUUID=40a2cb97-02 rootfstype=ext4 fsck.repair=yes rootwait cfg80211.ieee80211_regdom=GB
[    0.000000] Dentry cache hash table entries: 131072 (order: 8, 1048576 bytes, linear)
[    0.000000] Inode-cache hash table entries: 65536 (order: 7, 524288 bytes, linear)
[    0.000000] Fallback order for Node 0: 0 
[    0.000000] Built 1 zonelists, mobility grouping on.  Total pages: 238896
[    0.000000] Policy zone: DMA
[    0.000000] mem auto-init: stack:all(zero), heap alloc:off, heap free:off
[    0.000000] Memory: 653080K/970752K available (16768K kernel code, 4280K rwdata, 10592K rodata, 2688K init, 605K bss, 55528K reserved, 262144K cma-reserved)
[    0.000000] SLUB: HWalign=64, Order=0-3, MinObjects=0, CPUs=4, Nodes=1
[    0.000000] rcu: Preemptible hierarchical RCU implementation.
[    0.000000] rcu: 	RCU event tracing is enabled.
[    0.000000] rcu: 	RCU restricting CPUs from NR_CPUS=256 to nr_cpu_ids=4.
[    0.000000] 	Trampoline variant of Tasks RCU enabled.
[    0.000000] 	Tracing variant of Tasks RCU enabled.
[    0.000000] rcu: RCU calculated value of scheduler-enlistment delay is 25 jiffies.
[    0.000000] rcu: Adjusting geometry for rcu_fanout_leaf=16, nr_cpu_ids=4
[    0.000000] NR_IRQS: 64, nr_irqs: 64, preallocated irqs: 0
[    0.000000] Root IRQ handler: bcm2836_arm_irqchip_handle_irq
[    0.000000] rcu: srcu_init: Setting srcu_struct sizes based on contention.
[    0.000000] arch_timer: cp15 timer(s) running at 19.20MHz (phys).
[    0.000000] clocksource: arch_sys_counter: mask: 0xffffffffffffff max_cycles: 0x46d987e47, max_idle_ns: 440795202767 ns
[    0.000001] sched_clock: 56 bits at 19MHz, resolution 52ns, wraps every 4398046511078ns
[    0.000739] Console: colour dummy device 80x25
[    0.000756] printk: console [tty1] enabled
[    0.001772] Calibrating delay loop (skipped), value calculated using timer frequency.. 38.40 BogoMIPS (lpj=76800)
[    0.001817] pid_max: default: 32768 minimum: 301
[    0.001941] LSM: initializing lsm=capability,integrity
[    0.002108] Mount-cache hash table entries: 2048 (order: 2, 16384 bytes, linear)
[    0.002159] Mountpoint-cache hash table entries: 2048 (order: 2, 16384 bytes, linear)
[    0.003111] cgroup: Disabling memory control group subsystem
[    0.005027] RCU Tasks: Setting shift to 2 and lim to 1 rcu_task_cb_adjust=1.
[    0.005190] RCU Tasks Trace: Setting shift to 2 and lim to 1 rcu_task_cb_adjust=1.
[    0.005501] rcu: Hierarchical SRCU implementation.
[    0.005525] rcu: 	Max phase no-delay instances is 1000.
[    0.009192] EFI services will not be available.
[    0.009574] smp: Bringing up secondary CPUs ...
[    0.010289] Detected VIPT I-cache on CPU1
[    0.010445] CPU1: Booted secondary processor 0x0000000001 [0x410fd034]
[    0.011560] Detected VIPT I-cache on CPU2
[    0.011666] CPU2: Booted secondary processor 0x0000000002 [0x410fd034]
[    0.012851] Detected VIPT I-cache on CPU3
[    0.012957] CPU3: Booted secondary processor 0x0000000003 [0x410fd034]
[    0.013319] smp: Brought up 1 node, 4 CPUs
[    0.013435] SMP: Total of 4 processors activated.
[    0.013458] CPU features: detected: 32-bit EL0 Support
[    0.013477] CPU features: detected: 32-bit EL1 Support
[    0.013498] CPU features: detected: CRC32 instructions
[    0.013637] CPU: All CPU(s) started at EL2
[    0.013670] alternatives: applying system-wide alternatives
[    0.016559] devtmpfs: initialized
[    0.030750] clocksource: jiffies: mask: 0xffffffff max_cycles: 0xffffffff, max_idle_ns: 7645041785100000 ns
[    0.030827] futex hash table entries: 1024 (order: 4, 65536 bytes, linear)
[    0.042964] pinctrl core: initialized pinctrl subsystem
[    0.046428] DMI not present or invalid.
[    0.047385] NET: Registered PF_NETLINK/PF_ROUTE protocol family
[    0.053812] DMA: preallocated 1024 KiB GFP_KERNEL pool for atomic allocations
[    0.054203] DMA: preallocated 1024 KiB GFP_KERNEL|GFP_DMA pool for atomic allocations
[    0.054737] DMA: preallocated 1024 KiB GFP_KERNEL|GFP_DMA32 pool for atomic allocations
[    0.054880] audit: initializing netlink subsys (disabled)
[    0.055183] audit: type=2000 audit(0.052:1): state=initialized audit_enabled=0 res=1
[    0.057422] thermal_sys: Registered thermal governor 'step_wise'
[    0.057434] thermal_sys: Registered thermal governor 'power_allocator'
[    0.057561] cpuidle: using governor menu
[    0.058205] hw-breakpoint: found 6 breakpoint and 4 watchpoint registers.
[    0.058383] ASID allocator initialised with 32768 entries
[    0.062390] Serial: AMBA PL011 UART driver
[    0.071127] bcm2835-mbox 3f00b880.mailbox: mailbox enabled
[    0.086168] raspberrypi-firmware soc:firmware: Attached to firmware from 2024-05-24T15:31:28, variant start
[    0.090168] raspberrypi-firmware soc:firmware: Firmware hash is 4942b7633c0ff1af1ee95a51a33b56a9dae47529
[    0.103715] Modules: 2G module region forced by RANDOMIZE_MODULE_REGION_FULL
[    0.103767] Modules: 0 pages in range for non-PLT usage
[    0.103774] Modules: 515504 pages in range for PLT usage
[    0.104950] HugeTLB: registered 1.00 GiB page size, pre-allocated 0 pages
[    0.105005] HugeTLB: 0 KiB vmemmap can be freed for a 1.00 GiB page
[    0.105031] HugeTLB: registered 32.0 MiB page size, pre-allocated 0 pages
[    0.105053] HugeTLB: 0 KiB vmemmap can be freed for a 32.0 MiB page
[    0.105077] HugeTLB: registered 2.00 MiB page size, pre-allocated 0 pages
[    0.105099] HugeTLB: 0 KiB vmemmap can be freed for a 2.00 MiB page
[    0.105123] HugeTLB: registered 64.0 KiB page size, pre-allocated 0 pages
[    0.105145] HugeTLB: 0 KiB vmemmap can be freed for a 64.0 KiB page
[    0.107769] ACPI: Interpreter disabled.
[    0.113612] iommu: Default domain type: Translated
[    0.113661] iommu: DMA domain TLB invalidation policy: strict mode
[    0.114142] SCSI subsystem initialized
[    0.114764] usbcore: registered new interface driver usbfs
[    0.114838] usbcore: registered new interface driver hub
[    0.114910] usbcore: registered new device driver usb
[    0.116548] pps_core: LinuxPPS API ver. 1 registered
[    0.116574] pps_core: Software ver. 5.3.6 - Copyright 2005-2007 Rodolfo Giometti <giometti@linux.it>
[    0.116622] PTP clock support registered
[    0.116850] EDAC MC: Ver: 3.0.0
[    0.117838] scmi_core: SCMI protocol bus registered
[    0.119085] FPGA manager framework
[    0.119281] Advanced Linux Sound Architecture Driver Initialized.
[    0.120999] vgaarb: loaded
[    0.121810] clocksource: Switched to clocksource arch_sys_counter
[    0.122186] VFS: Disk quotas dquot_6.6.0
[    0.122252] VFS: Dquot-cache hash table entries: 512 (order 0, 4096 bytes)
[    0.122646] pnp: PnP ACPI: disabled
[    0.133442] NET: Registered PF_INET protocol family
[    0.133739] IP idents hash table entries: 16384 (order: 5, 131072 bytes, linear)
[    0.135485] tcp_listen_portaddr_hash hash table entries: 512 (order: 1, 8192 bytes, linear)
[    0.135547] Table-perturb hash table entries: 65536 (order: 6, 262144 bytes, linear)
[    0.135649] TCP established hash table entries: 8192 (order: 4, 65536 bytes, linear)
[    0.135790] TCP bind hash table entries: 8192 (order: 6, 262144 bytes, linear)
[    0.136178] TCP: Hash tables configured (established 8192 bind 8192)
[    0.136418] UDP hash table entries: 512 (order: 2, 16384 bytes, linear)
[    0.136524] UDP-Lite hash table entries: 512 (order: 2, 16384 bytes, linear)
[    0.136735] NET: Registered PF_UNIX/PF_LOCAL protocol family
[    0.137336] RPC: Registered named UNIX socket transport module.
[    0.137365] RPC: Registered udp transport module.
[    0.137385] RPC: Registered tcp transport module.
[    0.137403] RPC: Registered tcp-with-tls transport module.
[    0.137422] RPC: Registered tcp NFSv4.1 backchannel transport module.
[    0.137468] PCI: CLS 0 bytes, default 64
[    0.138185] kvm [1]: IPA Size Limit: 40 bits
[    0.142233] kvm [1]: Hyp mode initialized successfully
[    0.144196] Initialise system trusted keyrings
[    0.144485] workingset: timestamp_bits=42 max_order=18 bucket_order=0
[    0.145060] squashfs: version 4.0 (2009/01/31) Phillip Lougher
[    0.145454] NFS: Registering the id_resolver key type
[    0.145501] Key type id_resolver registered
[    0.145522] Key type id_legacy registered
[    0.145567] nfs4filelayout_init: NFSv4 File Layout Driver Registering...
[    0.145594] nfs4flexfilelayout_init: NFSv4 Flexfile Layout Driver Registering...
[    0.145860] 9p: Installing v9fs 9p2000 file system support
[    0.215258] Key type asymmetric registered
[    0.215288] Asymmetric key parser 'x509' registered
[    0.215376] Block layer SCSI generic (bsg) driver version 0.4 loaded (major 245)
[    0.215408] io scheduler mq-deadline registered
[    0.215430] io scheduler kyber registered
[    0.215488] io scheduler bfq registered
[    0.226474] pinctrl-bcm2835 3f200000.gpio: GPIO_OUT persistence: yes
[    0.238224] EINJ: ACPI disabled.
[    0.281917] Serial: 8250/16550 driver, 1 ports, IRQ sharing enabled
[    0.286036] SuperH (H)SCI(F) driver initialized
[    0.286907] msm_serial: driver initialized
[    0.288158] STM32 USART driver initialized
[    0.289783] bcm2835-rng 3f104000.rng: hwrng registered
[    0.301671] loop: module loaded
[    0.303794] megasas: 07.725.01.00-rc1
[    0.315674] tun: Universal TUN/TAP device driver, 1.6
[    0.317305] thunder_xcv, ver 1.0
[    0.317377] thunder_bgx, ver 1.0
[    0.317437] nicpf, ver 1.0
[    0.319593] hns3: Hisilicon Ethernet Network Driver for Hip08 Family - version
[    0.319628] hns3: Copyright (c) 2017 Huawei Corporation.
[    0.319706] hclge is initializing
[    0.319780] e1000: Intel(R) PRO/1000 Network Driver
[    0.319803] e1000: Copyright (c) 1999-2006 Intel Corporation.
[    0.319867] e1000e: Intel(R) PRO/1000 Network Driver
[    0.319887] e1000e: Copyright(c) 1999 - 2015 Intel Corporation.
[    0.319974] igb: Intel(R) Gigabit Ethernet Network Driver
[    0.319997] igb: Copyright (c) 2007-2014 Intel Corporation.
[    0.320057] igbvf: Intel(R) Gigabit Virtual Function Network Driver
[    0.320081] igbvf: Copyright (c) 2009 - 2012 Intel Corporation.
[    0.320635] sky2: driver version 1.30
[    0.322945] VFIO - User Level meta-driver version: 0.3
[    0.327789] usbcore: registered new interface driver usb-storage
[    0.332901] i2c_dev: i2c /dev entries driver
[    0.345705] sdhci: Secure Digital Host Controller Interface driver
[    0.345756] sdhci: Copyright(c) Pierre Ossman
[    0.347101] Synopsys Designware Multimedia Card Interface Driver
[    0.348809] sdhci-pltfm: SDHCI platform and OF driver helper
[    0.352485] ledtrig-cpu: registered to indicate activity on CPUs
[    0.356718] usbcore: registered new interface driver usbhid
[    0.356763] usbhid: USB HID core driver
[    0.362924] hw perfevents: enabled with armv8_cortex_a53 PMU driver, 7 counters available
[    0.372213] NET: Registered PF_PACKET protocol family
[    0.372400] 9pnet: Installing 9P2000 support
[    0.372507] Key type dns_resolver registered
[    0.392013] registered taskstats version 1
[    0.392299] Loading compiled-in X.509 certificates
[    0.423729] bcm2835-wdt bcm2835-wdt: Broadcom BCM2835 watchdog timer
[    0.424698] bcm2835-power bcm2835-power: Broadcom BCM2835 power domains driver
[    0.436287] uart-pl011 3f201000.serial: there is not valid maps for state default
[    0.436595] uart-pl011 3f201000.serial: cts_event_workaround enabled
[    0.437103] 3f201000.serial: ttyAMA0 at MMIO 0x3f201000 (irq = 99, base_baud = 0) is a PL011 rev2
[    0.437178] printk: console [ttyAMA0] enabled
[    0.468592] mmc1: SDHCI controller on 3f300000.mmcnr [3f300000.mmcnr] using PIO
[    0.481080] clk: Disabling unused clocks
[    0.509840] sdhost-bcm2835 3f202000.mmc: loaded - DMA enabled (>1)
[    0.520464] ALSA device list:
[    0.651863] mmc0: host does not support reading read-only switch, assuming write-enable
[    0.653050]   No soundcards found.
[    0.662199] mmc0: new high speed SDXC card at address aaaa
[    1.739854] Waiting for root device PARTUUID=40a2cb97-02...
[    1.741111] mmcblk0: mmc0:aaaa SL64G 59.5 GiB
[    1.758189]  mmcblk0: p1 p2
[    1.761575] mmcblk0: mmc0:aaaa SL64G 59.5 GiB (quirks 0x00004000)
[    1.792420] EXT4-fs (mmcblk0p2): INFO: recovery required on readonly filesystem
[    1.799835] EXT4-fs (mmcblk0p2): write access will be enabled during recovery
[    1.888079] mmc1: new high speed SDIO card at address 0001
[    1.900014] EXT4-fs (mmcblk0p2): recovery complete
[    1.910320] EXT4-fs (mmcblk0p2): mounted filesystem 56f80fa2-e005-4cca-86e6-19da1069914d ro with ordered data mode. Quota mode: none.
[    1.922475] VFS: Mounted root (ext4 filesystem) readonly on device 179:2.
[    1.933620] devtmpfs: mounted
[    1.939431] Freeing unused kernel memory: 2688K
[    1.944150] Run /sbin/init as init process
[    2.882775] systemd[1]: System time before build time, advancing clock.
[    3.013349] systemd[1]: systemd 252.26-1~deb12u2 running in system mode (+PAM +AUDIT +SELINUX +APPARMOR +IMA +SMACK +SECCOMP +GCRYPT -GNUTLS +OPENSSL +ACL +BLKID +CURL +ELFUTILS +FIDO2 +IDN2 -IDN +IPTC +KMOD +LIBCRYPTSETUP +LIBFDISK +PCRE2 -PWQUALITY +P11KIT +QRENCODE +TPM2 +BZIP2 +LZ4 +XZ +ZLIB +ZSTD -BPF_FRAMEWORK -XKBCOMMON +UTMP +SYSVINIT default-hierarchy=unified)
[    3.046315] systemd[1]: Detected architecture arm64.
[    3.063793] systemd[1]: Hostname set to <raspberrypi>.
[    3.303280] uart-pl011 3f201000.serial: no DMA platform data
[    4.280583] systemd[1]: Queued start job for default target multi-user.target.
[    4.313946] systemd[1]: Created slice system-getty.slice - Slice /system/getty.
[    4.323958] systemd[1]: Created slice system-modprobe.slice - Slice /system/modprobe.
[    4.334424] systemd[1]: Created slice system-serial\x2dgetty.slice - Slice /system/serial-getty.
[    4.345635] systemd[1]: Created slice system-systemd\x2dfsck.slice - Slice /system/systemd-fsck.
[    4.356108] systemd[1]: Created slice user.slice - User and Session Slice.
[    4.363902] systemd[1]: Started systemd-ask-password-console.path - Dispatch Password Requests to Console Directory Watch.
[    4.375664] systemd[1]: Started systemd-ask-password-wall.path - Forward Password Requests to Wall Directory Watch.
[    4.386844] systemd[1]: proc-sys-fs-binfmt_misc.automount - Arbitrary Executable File Formats File System Automount Point was skipped because of an unmet condition check (ConditionPathExists=/proc/sys/fs/binfmt_misc).
[    4.406368] systemd[1]: Expecting device dev-disk-by\x2dpartuuid-40a2cb97\x2d01.device - /dev/disk/by-partuuid/40a2cb97-01...
[    4.418076] systemd[1]: Expecting device dev-ttyAMA0.device - /dev/ttyAMA0...
[    4.425642] systemd[1]: Reached target cryptsetup.target - Local Encrypted Volumes.
[    4.433749] systemd[1]: Reached target integritysetup.target - Local Integrity Protected Volumes.
[    4.443218] systemd[1]: Reached target paths.target - Path Units.
[    4.449848] systemd[1]: Reached target slices.target - Slice Units.
[    4.456576] systemd[1]: Reached target swap.target - Swaps.
[    4.462642] systemd[1]: Reached target veritysetup.target - Local Verity Protected Volumes.
[    4.472190] systemd[1]: Listening on systemd-fsckd.socket - fsck to fsckd communication Socket.
[    4.481740] systemd[1]: Listening on systemd-initctl.socket - initctl Compatibility Named Pipe.
[    4.492422] systemd[1]: Listening on systemd-journald-audit.socket - Journal Audit Socket.
[    4.502107] systemd[1]: Listening on systemd-journald-dev-log.socket - Journal Socket (/dev/log).
[    4.512342] systemd[1]: Listening on systemd-journald.socket - Journal Socket.
[    4.521045] systemd[1]: Listening on systemd-udevd-control.socket - udev Control Socket.
[    4.530327] systemd[1]: Listening on systemd-udevd-kernel.socket - udev Kernel Socket.
[    4.562311] systemd[1]: Mounting dev-hugepages.mount - Huge Pages File System...
[    4.575911] systemd[1]: Mounting dev-mqueue.mount - POSIX Message Queue File System...
[    4.590376] systemd[1]: Mounting sys-kernel-debug.mount - Kernel Debug File System...
[    4.599698] systemd[1]: sys-kernel-tracing.mount - Kernel Trace File System was skipped because of an unmet condition check (ConditionPathExists=/sys/kernel/tracing).
[    4.615346] systemd[1]: auth-rpcgss-module.service - Kernel Module supporting RPCSEC_GSS was skipped because of an unmet condition check (ConditionPathExists=/etc/krb5.keytab).
[    4.641654] systemd[1]: Starting fake-hwclock.service - Restore / save the current clock...
[    4.662221] systemd[1]: Starting keyboard-setup.service - Set the console keyboard layout...
[    4.671593] systemd[1]: kmod-static-nodes.service - Create List of Static Device Nodes was skipped because of an unmet condition check (ConditionFileNotEmpty=/lib/modules/6.6.42-g485d11cfa7df-dirty/modules.devname).
[    4.697519] systemd[1]: Starting modprobe@configfs.service - Load Kernel Module configfs...
[    4.714401] systemd[1]: Starting modprobe@dm_mod.service - Load Kernel Module dm_mod...
[    4.729917] systemd[1]: Starting modprobe@drm.service - Load Kernel Module drm...
[    4.745228] systemd[1]: Starting modprobe@efi_pstore.service - Load Kernel Module efi_pstore...
[    4.762399] systemd[1]: Starting modprobe@fuse.service - Load Kernel Module fuse...
[    4.778869] systemd[1]: Starting modprobe@loop.service - Load Kernel Module loop...
[    4.795271] systemd[1]: Starting systemd-fsck-root.service - File System Check on Root Device...
[    4.816755] systemd[1]: Starting systemd-journald.service - Journal Service...
[    4.842887] systemd[1]: Starting systemd-modules-load.service - Load Kernel Modules...
[    4.859301] systemd[1]: Starting systemd-udev-trigger.service - Coldplug All udev Devices...
[    4.881005] systemd[1]: Mounted dev-hugepages.mount - Huge Pages File System.
[    4.890139] systemd[1]: Mounted dev-mqueue.mount - POSIX Message Queue File System.
[    4.899555] systemd[1]: Mounted sys-kernel-debug.mount - Kernel Debug File System.
[    4.909575] systemd[1]: Finished fake-hwclock.service - Restore / save the current clock.
[    4.921275] systemd[1]: modprobe@configfs.service: Deactivated successfully.
[    4.930130] systemd[1]: Finished modprobe@configfs.service - Load Kernel Module configfs.
[    4.941196] systemd[1]: modprobe@dm_mod.service: Deactivated successfully.
[    4.949368] systemd[1]: Finished modprobe@dm_mod.service - Load Kernel Module dm_mod.
[    4.960299] systemd[1]: modprobe@drm.service: Deactivated successfully.
[    4.968477] systemd[1]: Finished modprobe@drm.service - Load Kernel Module drm.
[    4.978792] systemd[1]: modprobe@efi_pstore.service: Deactivated successfully.
[    4.987256] systemd[1]: Finished modprobe@efi_pstore.service - Load Kernel Module efi_pstore.
[    4.998461] systemd[1]: modprobe@fuse.service: Deactivated successfully.
[    5.006588] systemd[1]: Finished modprobe@fuse.service - Load Kernel Module fuse.
[    5.016593] systemd[1]: modprobe@loop.service: Deactivated successfully.
[    5.025356] systemd[1]: Finished modprobe@loop.service - Load Kernel Module loop.
[    5.035090] systemd[1]: Finished systemd-modules-load.service - Load Kernel Modules.
[    5.046189] systemd[1]: sys-fs-fuse-connections.mount - FUSE Control File System was skipped because of an unmet condition check (ConditionPathExists=/sys/fs/fuse/connections).
[    5.086485] systemd[1]: Mounting sys-kernel-config.mount - Kernel Configuration File System...
[    5.102236] systemd[1]: Started systemd-fsckd.service - File System Check Daemon to report status.
[    5.112596] systemd[1]: systemd-repart.service - Repartition Root Disk was skipped because no trigger condition checks were met.
[    5.131010] systemd[1]: Starting systemd-sysctl.service - Apply Kernel Variables...
[    5.155891] systemd[1]: Mounted sys-kernel-config.mount - Kernel Configuration File System.
[    5.175756] systemd[1]: Started systemd-journald.service - Journal Service.




Raspberry Pi Bootcode
Read File: config.txt, 2203
Read File: start.elf, 2981376 (bytes)
Read File: fixup.dat, 7303 (bytes)
MESS:00:00:01.399072:0: brfs: File read: /mfs/sd/config.txt
MESS:00:00:01.404267:0: brfs: File read: 2203 bytes
MESS:00:00:01.440061:0: HDMI0:EDID error reading EDID block 0 attempt 0
MESS:00:00:01.446224:0: HDMI0:EDID error reading EDID block 0 attempt 1
MESS:00:00:01.452561:0: HDMI0:EDID error reading EDID block 0 attempt 2
MESS:00:00:01.458897:0: HDMI0:EDID error reading EDID block 0 attempt 3
MESS:00:00:01.465234:0: HDMI0:EDID error reading EDID block 0 attempt 4
MESS:00:00:01.471572:0: HDMI0:EDID error reading EDID block 0 attempt 5
MESS:00:00:01.477908:0: HDMI0:EDID error reading EDID block 0 attempt 6
MESS:00:00:01.484245:0: HDMI0:EDID error reading EDID block 0 attempt 7
MESS:00:00:01.490582:0: HDMI0:EDID error reading EDID block 0 attempt 8
MESS:00:00:01.496918:0: HDMI0:EDID error reading EDID block 0 attempt 9
MESS:00:00:01.503013:0: HDMI0:EDID giving up on reading EDID block 0
MESS:00:00:01.513823:0: brfs: File read: /mfs/sd/config.txt
MESS:00:00:01.519077:0: gpioman: gpioman_get_pin_num: pin LEDS_PWR_OK not defined
MESS:00:00:02.030067:0: gpioman: gpioman_get_pin_num: pin DISPLAY_DSI_PORT not defined
MESS:00:00:02.037261:0: gpioman: gpioman_get_pin_num: pin LEDS_PWR_OK not defined
MESS:00:00:02.043529:0: *** Restart logging
MESS:00:00:02.047402:0: brfs: File read: 2203 bytes
MESS:00:00:02.053146:0: hdmi: HDMI0:EDID error reading EDID block 0 attempt 0
MESS:00:00:02.060106:0: hdmi: HDMI0:EDID error reading EDID block 0 attempt 1
MESS:00:00:02.066964:0: hdmi: HDMI0:EDID error reading EDID block 0 attempt 2
MESS:00:00:02.073822:0: hdmi: HDMI0:EDID error reading EDID block 0 attempt 3
MESS:00:00:02.080680:0: hdmi: HDMI0:EDID error reading EDID block 0 attempt 4
MESS:00:00:02.087537:0: hdmi: HDMI0:EDID error reading EDID block 0 attempt 5
MESS:00:00:02.094395:0: hdmi: HDMI0:EDID error reading EDID block 0 attempt 6
MESS:00:00:02.101252:0: hdmi: HDMI0:EDID error reading EDID block 0 attempt 7
MESS:00:00:02.108110:0: hdmi: HDMI0:EDID error reading EDID block 0 attempt 8
MESS:00:00:02.114968:0: hdmi: HDMI0:EDID error reading EDID block 0 attempt 9
MESS:00:00:02.121582:0: hdmi: HDMI0:EDID giving up on reading EDID block 0
MESS:00:00:02.127487:0: hdmi: HDMI0:EDID error reading EDID block 0 attempt 0
MESS:00:00:02.135279:0: hdmi: HDMI0:EDID error reading EDID block 0 attempt 1
MESS:00:00:02.142138:0: hdmi: HDMI0:EDID error reading EDID block 0 attempt 2
MESS:00:00:02.148995:0: hdmi: HDMI0:EDID error reading EDID block 0 attempt 3
MESS:00:00:02.155853:0: hdmi: HDMI0:EDID error reading EDID block 0 attempt 4
MESS:00:00:02.162711:0: hdmi: HDMI0:EDID error reading EDID block 0 attempt 5
MESS:00:00:02.169568:0: hdmi: HDMI0:EDID error reading EDID block 0 attempt 6
MESS:00:00:02.176426:0: hdmi: HDMI0:EDID error reading EDID block 0 attempt 7
MESS:00:00:02.183284:0: hdmi: HDMI0:EDID error reading EDID block 0 attempt 8
MESS:00:00:02.190142:0: hdmi: HDMI0:EDID error reading EDID block 0 attempt 9
MESS:00:00:02.196756:0: hdmi: HDMI0:EDID giving up on reading EDID block 0
MESS:00:00:02.202629:0: hdmi: HDMI:hdmi_get_state is deprecated, use hdmi_get_display_state instead
MESS:00:00:02.211117:0: HDMI0: hdmi_pixel_encoding: 162000000
MESS:00:00:02.216830:0: vec: vec_middleware_power_on: vec_base: 0x7e806000 rev-id 0x00002708 @ vec: 0x7e806100 @ 0x00000420 enc: 0x7e806060 @ 0x00000220 cgmsae: 0x7e80605c @ 0x00000000
MESS:00:00:02.244345:0: dtb_file 'bcm2710-rpi-3-b.dtb'
MESS:00:00:02.255242:0: brfs: File read: /mfs/sd/bcm2710-rpi-3-b.dtb
MESS:00:00:02.259902:0: Loaded 'bcm2710-rpi-3-b.dtb' to 0x100 size 0x8657
MESS:00:00:02.281724:0: brfs: File read: 34391 bytes
MESS:00:00:02.302009:0: brfs: File read: /mfs/sd/overlays/overlay_map.dtb
MESS:00:00:02.333688:0: brfs: File read: 5255 bytes
MESS:00:00:02.343505:0: brfs: File read: /mfs/sd/config.txt
MESS:00:00:02.348004:0: dtparam: audio=on
MESS:00:00:02.357995:0: brfs: File read: 2203 bytes
MESS:00:00:02.386266:0: brfs: File read: /mfs/sd/overlays/vc4-kms-v3d.dtbo
MESS:00:00:02.437999:0: Loaded overlay 'vc4-kms-v3d'
MESS:00:00:02.537856:0: brfs: File read: 2760 bytes
MESS:00:00:02.550103:0: brfs: File read: /mfs/sd/overlays/disable-bt.dtbo
MESS:00:00:02.572351:0: Loaded overlay 'disable-bt'
MESS:00:00:02.617481:0: brfs: File read: 1073 bytes
MESS:00:00:02.625573:0: brfs: File read: /mfs/sd/cmdline.txt
MESS:00:00:02.629574:0: Read command line from file 'cmdline.txt':
MESS:00:00:02.635438:0: 'console=serial0,115200 console=tty1 root=PARTUUID=40a2cb97-02 rootfstype=ext4 fsck.repair=yes rootwait cfg80211.ieee80211_regdom=GB'
MESS:00:00:03.227624:0: brfs: File read: 131 bytes
MESS:00:00:03.239118:0: brfs: File read: /mfs/sd/kernel8.img
MESS:00:00:03.243077:0: Loaded 'kernel8.img' to 0x0 size 0x5960
MESS:00:00:03.248779:0: Kernel relocated to 0x80000
MESS:00:00:03.253381:0: gpioman: gpioman_get_pin_num: pin EMMC_ENABLE not defined
MESS:00:00:03.262384:0: uart: Set PL011 baud rate to 103448.300000 Hz
MESS:00:00:03.268676:0: uart: Baud rate change done...
MESS:00:00:03.272109:0: uart: Baud rate change done...
MESS:00:00:03.283313:0: gpioman: gpioman_get_pin_num: pin SDCARD_CONTROL_POWER not defined
ALIGN CHECK
UNPACKED: A: 10, B: 20, C: 30, D: 55706050
PACKED: A: 10, B: 20, C: 30, D: 70605040
SCTLR_EL1: 0000 0000 0000 0000 0000 0000 0000 0000 0000 0000 1100 0000 0000 1000 0000 0001 
TTBR0_EL1: 0011 1101 0110 0001 0100 0000 0001 1101 1110 0000 0100 0010 1110 0001 0000 1000 
TTBR1_EL1: 0000 0000 0000 0000 0000 0000 0000 0000 0000 0000 0000 1000 0100 0000 0000 0000 
TCR_EL1: 0000 0000 0000 0000 0000 0000 0000 0000 1000 0000 0001 0000 0000 0000 0001 0000 
MAIR_EL1: 0000 0000 0000 0000 0000 0000 0000 0000 0000 0000 0000 0000 0100 0100 0000 0000 
CurrentEL: 0000 0000 0000 0000 0000 0000 0000 0000 0000 0000 0000 0000 0000 0000 0000 0100 
Initial value of val: 0
SYNC_INVALID_EL1h, ESR: 96000035, address: 1c98
